The initial board cannot have a player in check!
The initial board cannot have a player in check!
The initial board cannot have a player in check!
The initial board cannot have a player in check!
The initial board cannot have a player in check!
The initial board cannot have a player in check!
The initial board cannot have a player in check!
The initial board cannot have a player in check!
k_______
________
________
________
____K___
________
________
________
