The initial board cannot have a player in check!
The initial board cannot have a player in check!
The initial board cannot have a player in check!
The initial board cannot have a player in check!
The initial board cannot have a player in check!
The initial board cannot have a player in check!
The initial board cannot have a player in check!
The initial board cannot have a player in check!
_______k
________
________
________
____N___
________
________
K_______
