The initial board cannot have a player in check!
The initial board cannot have a player in check!
The initial board cannot have a player in check!
The initial board cannot have a player in check!
The initial board cannot have a player in check!
The initial board cannot have a player in check!
The initial board cannot have a player in check!
The initial board cannot have a player in check!
K_______
________
________
________
____Q___
________
________
k_______
