The board must contain exactly one king for each colour!
The board must contain exactly one king for each colour!
The board must contain exactly one king for each colour!
____k___
________
________
________
________
________
________
____K___
