The initial board cannot have pawns on the first or last row!
The initial board cannot have pawns on the first or last row!
The initial board cannot have pawns on the first or last row!
The initial board cannot have pawns on the first or last row!
________
P______p
P_k____p
P______p
P______p
P____K_p
P______p
________
