The initial board cannot have a player in check!
____k___
________
________
________
________
________
________
____K___
