kn_rbq__
__p_____
________
________
________
________
__P_____
KN_RBQ__
