____k___
________
________
________
________
________
________
____K___
