The board must contain exactly one king for each colour!
____K___
________
________
________
____k___
________
________
________
